
SYSDATE             INSTANCE_NAME    INSTANCE_STATUS STARTUP_TIME        SHUTDOWN_PENDING DATABASE_STATUS   OPEN_MODE
------------------- ---------------- --------------- ------------------- ---------------- ----------------- --------------------
2022-12-20 17:13:10 jdepd03          OPEN            2022-11-19 18:26:41 NO               ACTIVE            READ WRITE

1 row selected.


SYSDATE             INSTANCE_NAME    INSTANCE_STATUS STARTUP_TIME        SHUTDOWN_PENDING DATABASE_STATUS   OPEN_MODE
------------------- ---------------- --------------- ------------------- ---------------- ----------------- --------------------
2022-12-20 17:14:11 jdepd03          OPEN            2022-11-19 18:26:41 NO               ACTIVE            READ WRITE

1 row selected.


SYSDATE             INSTANCE_NAME    INSTANCE_STATUS STARTUP_TIME        SHUTDOWN_PENDING DATABASE_STATUS   OPEN_MODE
------------------- ---------------- --------------- ------------------- ---------------- ----------------- --------------------
2022-12-20 17:15:19 jdepd03          OPEN            2022-11-19 18:26:41 NO               ACTIVE            READ WRITE

1 row selected.


SYSDATE             INSTANCE_NAME    INSTANCE_STATUS STARTUP_TIME        SHUTDOWN_PENDING DATABASE_STATUS   OPEN_MODE
------------------- ---------------- --------------- ------------------- ---------------- ----------------- --------------------
2022-12-20 17:16:21 jdepd03          OPEN            2022-11-19 18:26:41 NO               ACTIVE            READ WRITE

1 row selected.


SYSDATE             INSTANCE_NAME    INSTANCE_STATUS STARTUP_TIME        SHUTDOWN_PENDING DATABASE_STATUS   OPEN_MODE
------------------- ---------------- --------------- ------------------- ---------------- ----------------- --------------------
2022-12-20 17:17:23 jdepd03          OPEN            2022-11-19 18:26:41 NO               ACTIVE            READ WRITE

1 row selected.


SYSDATE             INSTANCE_NAME    INSTANCE_STATUS STARTUP_TIME        SHUTDOWN_PENDING DATABASE_STATUS   OPEN_MODE
------------------- ---------------- --------------- ------------------- ---------------- ----------------- --------------------
2022-12-20 17:18:24 jdepd03          OPEN            2022-11-19 18:26:41 NO               ACTIVE            READ WRITE

1 row selected.


SYSDATE             INSTANCE_NAME    INSTANCE_STATUS STARTUP_TIME        SHUTDOWN_PENDING DATABASE_STATUS   OPEN_MODE
------------------- ---------------- --------------- ------------------- ---------------- ----------------- --------------------
2022-12-20 17:19:26 jdepd03          OPEN            2022-11-19 18:26:41 NO               ACTIVE            READ WRITE

1 row selected.


SYSDATE             INSTANCE_NAME    INSTANCE_STATUS STARTUP_TIME        SHUTDOWN_PENDING DATABASE_STATUS   OPEN_MODE
------------------- ---------------- --------------- ------------------- ---------------- ----------------- --------------------
2022-12-20 17:20:28 jdepd03          OPEN            2022-11-19 18:26:41 NO               ACTIVE            READ WRITE

1 row selected.


SYSDATE             INSTANCE_NAME    INSTANCE_STATUS STARTUP_TIME        SHUTDOWN_PENDING DATABASE_STATUS   OPEN_MODE
------------------- ---------------- --------------- ------------------- ---------------- ----------------- --------------------
2022-12-20 17:21:30 jdepd03          OPEN            2022-11-19 18:26:41 NO               ACTIVE            READ WRITE

1 row selected.


SYSDATE             INSTANCE_NAME    INSTANCE_STATUS STARTUP_TIME        SHUTDOWN_PENDING DATABASE_STATUS   OPEN_MODE
------------------- ---------------- --------------- ------------------- ---------------- ----------------- --------------------
2022-12-20 17:22:32 jdepd03          OPEN            2022-11-19 18:26:41 NO               ACTIVE            READ WRITE

1 row selected.


SYSDATE             INSTANCE_NAME    INSTANCE_STATUS STARTUP_TIME        SHUTDOWN_PENDING DATABASE_STATUS   OPEN_MODE
------------------- ---------------- --------------- ------------------- ---------------- ----------------- --------------------
2022-12-20 17:23:34 jdepd03          OPEN            2022-11-19 18:26:41 NO               ACTIVE            READ WRITE

1 row selected.


SYSDATE             INSTANCE_NAME    INSTANCE_STATUS STARTUP_TIME        SHUTDOWN_PENDING DATABASE_STATUS   OPEN_MODE
------------------- ---------------- --------------- ------------------- ---------------- ----------------- --------------------
2022-12-20 17:24:36 jdepd03          OPEN            2022-11-19 18:26:41 NO               ACTIVE            READ WRITE

1 row selected.


SYSDATE             INSTANCE_NAME    INSTANCE_STATUS STARTUP_TIME        SHUTDOWN_PENDING DATABASE_STATUS   OPEN_MODE
------------------- ---------------- --------------- ------------------- ---------------- ----------------- --------------------
2022-12-20 17:25:38 jdepd03          OPEN            2022-11-19 18:26:41 NO               ACTIVE            READ WRITE

1 row selected.


SYSDATE             INSTANCE_NAME    INSTANCE_STATUS STARTUP_TIME        SHUTDOWN_PENDING DATABASE_STATUS   OPEN_MODE
------------------- ---------------- --------------- ------------------- ---------------- ----------------- --------------------
2022-12-20 17:26:40 jdepd03          OPEN            2022-11-19 18:26:41 NO               ACTIVE            READ WRITE

1 row selected.


SYSDATE             INSTANCE_NAME    INSTANCE_STATUS STARTUP_TIME        SHUTDOWN_PENDING DATABASE_STATUS   OPEN_MODE
------------------- ---------------- --------------- ------------------- ---------------- ----------------- --------------------
2022-12-20 17:27:42 jdepd03          OPEN            2022-11-19 18:26:41 NO               ACTIVE            READ WRITE

1 row selected.


SYSDATE             INSTANCE_NAME    INSTANCE_STATUS STARTUP_TIME        SHUTDOWN_PENDING DATABASE_STATUS   OPEN_MODE
------------------- ---------------- --------------- ------------------- ---------------- ----------------- --------------------
2022-12-20 17:28:44 jdepd03          OPEN            2022-11-19 18:26:41 NO               ACTIVE            READ WRITE

1 row selected.


SYSDATE             INSTANCE_NAME    INSTANCE_STATUS STARTUP_TIME        SHUTDOWN_PENDING DATABASE_STATUS   OPEN_MODE
------------------- ---------------- --------------- ------------------- ---------------- ----------------- --------------------
2022-12-20 17:29:45 jdepd03          OPEN            2022-11-19 18:26:41 NO               ACTIVE            READ WRITE

1 row selected.


SYSDATE             INSTANCE_NAME    INSTANCE_STATUS STARTUP_TIME        SHUTDOWN_PENDING DATABASE_STATUS   OPEN_MODE
------------------- ---------------- --------------- ------------------- ---------------- ----------------- --------------------
2022-12-20 17:30:47 jdepd03          OPEN            2022-11-19 18:26:41 NO               ACTIVE            READ WRITE

1 row selected.


SYSDATE             INSTANCE_NAME    INSTANCE_STATUS STARTUP_TIME        SHUTDOWN_PENDING DATABASE_STATUS   OPEN_MODE
------------------- ---------------- --------------- ------------------- ---------------- ----------------- --------------------
2022-12-20 17:31:49 jdepd03          OPEN            2022-11-19 18:26:41 NO               ACTIVE            READ WRITE

1 row selected.


SYSDATE             INSTANCE_NAME    INSTANCE_STATUS STARTUP_TIME        SHUTDOWN_PENDING DATABASE_STATUS   OPEN_MODE
------------------- ---------------- --------------- ------------------- ---------------- ----------------- --------------------
2022-12-20 17:32:51 jdepd03          OPEN            2022-11-19 18:26:41 NO               ACTIVE            READ WRITE

1 row selected.


SYSDATE             INSTANCE_NAME    INSTANCE_STATUS STARTUP_TIME        SHUTDOWN_PENDING DATABASE_STATUS   OPEN_MODE
------------------- ---------------- --------------- ------------------- ---------------- ----------------- --------------------
2022-12-20 17:33:53 jdepd03          OPEN            2022-11-19 18:26:41 NO               ACTIVE            READ WRITE

1 row selected.


SYSDATE             INSTANCE_NAME    INSTANCE_STATUS STARTUP_TIME        SHUTDOWN_PENDING DATABASE_STATUS   OPEN_MODE
------------------- ---------------- --------------- ------------------- ---------------- ----------------- --------------------
2022-12-20 17:34:55 jdepd03          OPEN            2022-11-19 18:26:41 NO               ACTIVE            READ WRITE

1 row selected.


SYSDATE             INSTANCE_NAME    INSTANCE_STATUS STARTUP_TIME        SHUTDOWN_PENDING DATABASE_STATUS   OPEN_MODE
------------------- ---------------- --------------- ------------------- ---------------- ----------------- --------------------
2024-01-09 09:46:31 jdedv01          OPEN            2023-12-05 09:30:53 NO               ACTIVE            READ WRITE

1 row selected.


SYSDATE             INSTANCE_NAME    INSTANCE_STATUS STARTUP_TIME        SHUTDOWN_PENDING DATABASE_STATUS   OPEN_MODE
------------------- ---------------- --------------- ------------------- ---------------- ----------------- --------------------
2024-01-09 09:46:32 jdetr01          OPEN            2023-11-29 09:03:26 NO               ACTIVE            READ WRITE

1 row selected.


SYSDATE             INSTANCE_NAME    INSTANCE_STATUS STARTUP_TIME        SHUTDOWN_PENDING DATABASE_STATUS   OPEN_MODE
------------------- ---------------- --------------- ------------------- ---------------- ----------------- --------------------
2024-01-09 09:46:34 bondv01          OPEN            2023-11-11 17:42:10 NO               ACTIVE            READ WRITE

1 row selected.


SYSDATE             INSTANCE_NAME    INSTANCE_STATUS STARTUP_TIME        SHUTDOWN_PENDING DATABASE_STATUS   OPEN_MODE
------------------- ---------------- --------------- ------------------- ---------------- ----------------- --------------------
2024-01-09 09:46:36 bonqa01          OPEN            2023-11-11 17:43:33 NO               ACTIVE            READ WRITE

1 row selected.


SYSDATE             INSTANCE_NAME    INSTANCE_STATUS STARTUP_TIME        SHUTDOWN_PENDING DATABASE_STATUS   OPEN_MODE
------------------- ---------------- --------------- ------------------- ---------------- ----------------- --------------------
2024-01-09 09:46:37 jdecv01          OPEN            2023-12-01 14:24:05 NO               ACTIVE            READ WRITE

1 row selected.


SYSDATE             INSTANCE_NAME    INSTANCE_STATUS STARTUP_TIME        SHUTDOWN_PENDING DATABASE_STATUS   OPEN_MODE
------------------- ---------------- --------------- ------------------- ---------------- ----------------- --------------------
2024-01-09 09:46:39 jdepr01          OPEN            2023-11-11 18:06:48 NO               ACTIVE            READ WRITE

1 row selected.


SYSDATE             INSTANCE_NAME    INSTANCE_STATUS STARTUP_TIME        SHUTDOWN_PENDING DATABASE_STATUS   OPEN_MODE
------------------- ---------------- --------------- ------------------- ---------------- ----------------- --------------------
2024-01-09 09:46:41 uc4np01          OPEN            2023-11-11 17:51:36 NO               ACTIVE            READ WRITE

1 row selected.


SYSDATE             INSTANCE_NAME    INSTANCE_STATUS STARTUP_TIME        SHUTDOWN_PENDING DATABASE_STATUS   OPEN_MODE
------------------- ---------------- --------------- ------------------- ---------------- ----------------- --------------------
2024-01-09 09:46:42 plxdv01          OPEN            2023-11-11 17:51:13 NO               ACTIVE            READ WRITE

1 row selected.


SYSDATE             INSTANCE_NAME    INSTANCE_STATUS STARTUP_TIME        SHUTDOWN_PENDING DATABASE_STATUS   OPEN_MODE
------------------- ---------------- --------------- ------------------- ---------------- ----------------- --------------------
2024-01-09 09:46:44 jdepy01          OPEN            2023-12-01 09:49:36 NO               ACTIVE            READ WRITE

1 row selected.


SYSDATE             INSTANCE_NAME    INSTANCE_STATUS STARTUP_TIME        SHUTDOWN_PENDING DATABASE_STATUS   OPEN_MODE
------------------- ---------------- --------------- ------------------- ---------------- ----------------- --------------------
2024-01-09 09:46:46 ggpy01           OPEN            2023-12-01 16:35:08 NO               ACTIVE            READ WRITE

1 row selected.


SYSDATE             INSTANCE_NAME    INSTANCE_STATUS STARTUP_TIME        SHUTDOWN_PENDING DATABASE_STATUS   OPEN_MODE
------------------- ---------------- --------------- ------------------- ---------------- ----------------- --------------------
2024-01-09 09:46:48 arcdv01          OPEN            2023-12-01 11:22:28 NO               ACTIVE            READ WRITE

1 row selected.


SYSDATE             INSTANCE_NAME    INSTANCE_STATUS STARTUP_TIME        SHUTDOWN_PENDING DATABASE_STATUS   OPEN_MODE
------------------- ---------------- --------------- ------------------- ---------------- ----------------- --------------------
2024-01-09 09:46:50 olmdv01          OPEN            2023-11-11 18:17:01 NO               ACTIVE            READ WRITE

1 row selected.


SYSDATE             INSTANCE_NAME    INSTANCE_STATUS STARTUP_TIME        SHUTDOWN_PENDING DATABASE_STATUS   OPEN_MODE
------------------- ---------------- --------------- ------------------- ---------------- ----------------- --------------------
2024-01-09 09:53:14 jdepd01          OPEN            2023-10-14 17:55:48 NO               ACTIVE            READ WRITE

1 row selected.


SYSDATE             INSTANCE_NAME    INSTANCE_STATUS STARTUP_TIME        SHUTDOWN_PENDING DATABASE_STATUS   OPEN_MODE
------------------- ---------------- --------------- ------------------- ---------------- ----------------- --------------------
2024-01-09 09:53:16 jdepd03          OPEN            2023-10-14 17:55:48 NO               ACTIVE            READ WRITE

1 row selected.


SYSDATE             INSTANCE_NAME    INSTANCE_STATUS STARTUP_TIME        SHUTDOWN_PENDING DATABASE_STATUS   OPEN_MODE
------------------- ---------------- --------------- ------------------- ---------------- ----------------- --------------------
2024-01-09 09:53:18 ampd01           OPEN            2023-10-14 17:55:43 NO               ACTIVE            READ WRITE

1 row selected.


SYSDATE             INSTANCE_NAME    INSTANCE_STATUS STARTUP_TIME        SHUTDOWN_PENDING DATABASE_STATUS   OPEN_MODE
------------------- ---------------- --------------- ------------------- ---------------- ----------------- --------------------
2024-01-09 09:53:19 ebsupkpd         OPEN            2023-10-14 17:55:43 NO               ACTIVE            READ WRITE

1 row selected.


SYSDATE             INSTANCE_NAME    INSTANCE_STATUS STARTUP_TIME        SHUTDOWN_PENDING DATABASE_STATUS   OPEN_MODE
------------------- ---------------- --------------- ------------------- ---------------- ----------------- --------------------
2024-01-09 09:53:35 jdepd01          OPEN            2023-10-14 17:55:48 NO               ACTIVE            READ WRITE

1 row selected.


SYSDATE             INSTANCE_NAME    INSTANCE_STATUS STARTUP_TIME        SHUTDOWN_PENDING DATABASE_STATUS   OPEN_MODE
------------------- ---------------- --------------- ------------------- ---------------- ----------------- --------------------
2024-01-09 09:53:36 jdepd03          OPEN            2023-10-14 17:55:48 NO               ACTIVE            READ WRITE

1 row selected.


SYSDATE             INSTANCE_NAME    INSTANCE_STATUS STARTUP_TIME        SHUTDOWN_PENDING DATABASE_STATUS   OPEN_MODE
------------------- ---------------- --------------- ------------------- ---------------- ----------------- --------------------
2024-01-09 09:53:38 ampd01           OPEN            2023-10-14 17:55:43 NO               ACTIVE            READ WRITE

1 row selected.


SYSDATE             INSTANCE_NAME    INSTANCE_STATUS STARTUP_TIME        SHUTDOWN_PENDING DATABASE_STATUS   OPEN_MODE
------------------- ---------------- --------------- ------------------- ---------------- ----------------- --------------------
2024-01-09 09:53:39 ebsupkpd         OPEN            2023-10-14 17:55:43 NO               ACTIVE            READ WRITE

1 row selected.


SYSDATE             INSTANCE_NAME    INSTANCE_STATUS STARTUP_TIME        SHUTDOWN_PENDING DATABASE_STATUS   OPEN_MODE
------------------- ---------------- --------------- ------------------- ---------------- ----------------- --------------------
2024-01-09 09:53:39 winpd02          OPEN            2023-10-14 17:55:47 NO               ACTIVE            READ WRITE

1 row selected.


SYSDATE             INSTANCE_NAME    INSTANCE_STATUS STARTUP_TIME        SHUTDOWN_PENDING DATABASE_STATUS   OPEN_MODE
------------------- ---------------- --------------- ------------------- ---------------- ----------------- --------------------
2024-01-09 09:53:41 plx              OPEN            2023-10-14 17:55:46 NO               ACTIVE            READ WRITE

1 row selected.


SYSDATE             INSTANCE_NAME    INSTANCE_STATUS STARTUP_TIME        SHUTDOWN_PENDING DATABASE_STATUS   OPEN_MODE
------------------- ---------------- --------------- ------------------- ---------------- ----------------- --------------------
2024-01-09 09:53:43 bir              OPEN            2023-10-14 17:55:49 NO               ACTIVE            READ WRITE

1 row selected.


SYSDATE             INSTANCE_NAME    INSTANCE_STATUS STARTUP_TIME        SHUTDOWN_PENDING DATABASE_STATUS   OPEN_MODE
------------------- ---------------- --------------- ------------------- ---------------- ----------------- --------------------
2024-01-09 09:53:45 bchpd01          OPEN            2024-01-08 19:14:39 NO               ACTIVE            READ WRITE

1 row selected.


SYSDATE             INSTANCE_NAME    INSTANCE_STATUS STARTUP_TIME        SHUTDOWN_PENDING DATABASE_STATUS   OPEN_MODE
------------------- ---------------- --------------- ------------------- ---------------- ----------------- --------------------
2024-01-09 09:53:46 knxpd01          OPEN            2024-01-09 04:51:18 NO               ACTIVE            READ WRITE

1 row selected.


SYSDATE             INSTANCE_NAME    INSTANCE_STATUS STARTUP_TIME        SHUTDOWN_PENDING DATABASE_STATUS   OPEN_MODE
------------------- ---------------- --------------- ------------------- ---------------- ----------------- --------------------
2024-01-09 09:53:48 arcpd01          OPEN            2023-10-14 17:55:47 NO               ACTIVE            READ WRITE

1 row selected.


SYSDATE             INSTANCE_NAME    INSTANCE_STATUS STARTUP_TIME        SHUTDOWN_PENDING DATABASE_STATUS   OPEN_MODE
------------------- ---------------- --------------- ------------------- ---------------- ----------------- --------------------
2024-01-09 09:53:50 hz1s             OPEN            2023-10-14 17:55:46 NO               ACTIVE            READ WRITE

1 row selected.


SYSDATE             INSTANCE_NAME    INSTANCE_STATUS STARTUP_TIME        SHUTDOWN_PENDING DATABASE_STATUS   OPEN_MODE
------------------- ---------------- --------------- ------------------- ---------------- ----------------- --------------------
2024-01-09 09:53:51 iccm             OPEN            2023-10-14 17:55:46 NO               ACTIVE            READ WRITE

1 row selected.


SYSDATE             INSTANCE_NAME    INSTANCE_STATUS STARTUP_TIME        SHUTDOWN_PENDING DATABASE_STATUS   OPEN_MODE
------------------- ---------------- --------------- ------------------- ---------------- ----------------- --------------------
2024-01-09 09:53:53 iccn             OPEN            2023-10-14 17:55:46 NO               ACTIVE            READ WRITE

1 row selected.


SYSDATE             INSTANCE_NAME    INSTANCE_STATUS STARTUP_TIME        SHUTDOWN_PENDING DATABASE_STATUS   OPEN_MODE
------------------- ---------------- --------------- ------------------- ---------------- ----------------- --------------------
2024-01-09 09:53:55 iccx             OPEN            2023-10-14 17:55:46 NO               ACTIVE            READ WRITE

1 row selected.


SYSDATE             INSTANCE_NAME    INSTANCE_STATUS STARTUP_TIME        SHUTDOWN_PENDING DATABASE_STATUS   OPEN_MODE
------------------- ---------------- --------------- ------------------- ---------------- ----------------- --------------------
2024-01-09 09:53:57 pg2s             OPEN            2023-10-14 17:55:46 NO               ACTIVE            READ WRITE

1 row selected.


SYSDATE             INSTANCE_NAME    INSTANCE_STATUS STARTUP_TIME        SHUTDOWN_PENDING DATABASE_STATUS   OPEN_MODE
------------------- ---------------- --------------- ------------------- ---------------- ----------------- --------------------
2024-01-09 09:53:59 pg3s             OPEN            2023-10-14 17:55:46 NO               ACTIVE            READ WRITE

1 row selected.


SYSDATE             INSTANCE_NAME    INSTANCE_STATUS STARTUP_TIME        SHUTDOWN_PENDING DATABASE_STATUS   OPEN_MODE
------------------- ---------------- --------------- ------------------- ---------------- ----------------- --------------------
2024-01-09 09:54:00 jsprpd           OPEN            2023-10-14 17:55:43 NO               ACTIVE            READ WRITE

1 row selected.


SYSDATE             INSTANCE_NAME    INSTANCE_STATUS STARTUP_TIME        SHUTDOWN_PENDING DATABASE_STATUS   OPEN_MODE
------------------- ---------------- --------------- ------------------- ---------------- ----------------- --------------------
2024-01-09 09:54:01 rmnpd01          OPEN            2023-10-14 17:55:47 NO               ACTIVE            READ WRITE

1 row selected.


SYSDATE             INSTANCE_NAME    INSTANCE_STATUS STARTUP_TIME        SHUTDOWN_PENDING DATABASE_STATUS   OPEN_MODE
------------------- ---------------- --------------- ------------------- ---------------- ----------------- --------------------
2024-01-09 09:54:03 jabpd02          OPEN            2023-10-14 17:55:47 NO               ACTIVE            READ WRITE

1 row selected.


SYSDATE             INSTANCE_NAME    INSTANCE_STATUS STARTUP_TIME        SHUTDOWN_PENDING DATABASE_STATUS   OPEN_MODE
------------------- ---------------- --------------- ------------------- ---------------- ----------------- --------------------
2024-01-09 09:54:05 oemprd01         OPEN            2023-10-14 17:55:48 NO               ACTIVE            READ WRITE

1 row selected.


SYSDATE             INSTANCE_NAME    INSTANCE_STATUS STARTUP_TIME        SHUTDOWN_PENDING DATABASE_STATUS   OPEN_MODE
------------------- ---------------- --------------- ------------------- ---------------- ----------------- --------------------
2024-01-09 09:54:07 bonpd01          OPEN            2023-10-14 17:55:47 NO               ACTIVE            READ WRITE

1 row selected.


SYSDATE             INSTANCE_NAME    INSTANCE_STATUS STARTUP_TIME        SHUTDOWN_PENDING DATABASE_STATUS   OPEN_MODE
------------------- ---------------- --------------- ------------------- ---------------- ----------------- --------------------
2024-01-09 09:54:08 psfpd01          OPEN            2023-10-14 17:55:47 NO               ACTIVE            READ WRITE

1 row selected.

